// Jest Snapshot v1, https://goo.gl/fbAQLP

exports[`settings menu snapshot test 1`] = `
<div
  className="menu"
>
  <button
    className="menuButton"
    id="onlyBack"
    onClick={[MockFunction]}
  >
    <img
      alt="back"
      className="icon"
      src="https://img.icons8.com/ios-filled/50/000000/back.png"
    />
  </button>
  <div
    className="settings-menu-item"
    onClick={[Function]}
  >
    Sync Menu
  </div>
  <div
    className="settings-menu-item"
    onClick={[Function]}
  >
    Import Bookmarks
  </div>
</div>
`;
